[    0.000000] Initializing cgroup subsys cpuset
[    0.000000] Initializing cgroup subsys cpu
[    0.000000] Initializing cgroup subsys cpuacct
[    0.000000] Linux version 4.4.0-210-generic (buildd@lgw01-amd64-009) (gcc version 5.4.0 20160609 (Ubuntu 5.4.0-6ubuntu1~16.04.12) ) #242-Ubuntu SMP Fri Apr 16 09:57:56 UTC 2021 (Ubuntu 4.4.0-210.242-generic 4.4.262)
[    0.000000] Command line: BOOT_IMAGE=/boot/vmlinuz-4.4.0-210-generic root=LABEL=cloudimg-rootfs ro console=tty1 console=ttyS0
[    0.000000] KERNEL supported cpus:
[    0.000000]   Intel GenuineIntel
[    0.000000]   AMD AuthenticAMD
[    0.000000]   Centaur CentaurHauls
[    0.000000] x86/fpu: xstate_offset[2]:  576, xstate_sizes[2]:  256
[    0.000000] x86/fpu: Supporting XSAVE feature 0x01: 'x87 floating point registers'
[    0.000000] x86/fpu: Supporting XSAVE feature 0x02: 'SSE registers'
[    0.000000] x86/fpu: Supporting XSAVE feature 0x04: 'AVX registers'
[    0.000000] x86/fpu: Enabled xstate features 0x7, context size is 832 bytes, using 'standard' format.
[    0.000000] e820: BIOS-provided physical RAM map:
[    0.000000] BIOS-e820: [mem 0x0000000000000000-0x000000000009fbff] usable
[    0.000000] BIOS-e820: [mem 0x000000000009fc00-0x000000000009ffff] reserved
[    0.000000] BIOS-e820: [mem 0x00000000000f0000-0x00000000000fffff] reserved
[    0.000000] BIOS-e820: [mem 0x0000000000100000-0x000000003ffeffff] usable
[    0.000000] BIOS-e820: [mem 0x000000003fff0000-0x000000003fffffff] ACPI data
[    0.000000] BIOS-e820: [mem 0x00000000fec00000-0x00000000fec00fff] reserved
[    0.000000] BIOS-e820: [mem 0x00000000fee00000-0x00000000fee00fff] reserved
[    0.000000] BIOS-e820: [mem 0x00000000fffc0000-0x00000000ffffffff] reserved
[    0.000000] NX (Execute Disable) protection: active
[    0.000000] SMBIOS 2.5 present.
[    0.000000] Hypervisor detected: KVM
[    0.000000] e820: last_pfn = 0x3fff0 max_arch_pfn = 0x400000000
[    0.000000] MTRR: Disabled
[    0.000000] x86/PAT: MTRRs disabled, skipping PAT initialization too.
[    0.000000] CPU MTRRs all blank - virtualized system.
[    0.000000] x86/PAT: Configuration [0-7]: WB  WT  UC- UC  WB  WT  UC- UC  
[    0.000000] found SMP MP-table at [mem 0x0009fff0-0x0009ffff] mapped at [ffff88000009fff0]
[    0.000000] Scanning 1 areas for low memory corruption
[    0.000000] RAMDISK: [mem 0x362dc000-0x37165fff]
[    0.000000] ACPI: Early table checksum verification disabled
[    0.000000] ACPI: RSDP 0x00000000000E0000 000024 (v02 VBOX  )
[    0.000000] ACPI: XSDT 0x000000003FFF0030 00003C (v01 VBOX   VBOXXSDT 00000001 ASL  00000061)
[    0.000000] ACPI: FACP 0x000000003FFF00F0 0000F4 (v04 VBOX   VBOXFACP 00000001 ASL  00000061)
[    0.000000] ACPI: DSDT 0x000000003FFF0470 002325 (v02 VBOX   VBOXBIOS 00000002 INTL 20100528)
[    0.000000] ACPI: FACS 0x000000003FFF0200 000040
[    0.000000] ACPI: FACS 0x000000003FFF0200 000040
[    0.000000] ACPI: APIC 0x000000003FFF0240 00005C (v02 VBOX   VBOXAPIC 00000001 ASL  00000061)
[    0.000000] ACPI: SSDT 0x000000003FFF02A0 0001CC (v01 VBOX   VBOXCPUT 00000002 INTL 20100528)
[    0.000000] No NUMA configuration found
[    0.000000] Faking a node at [mem 0x0000000000000000-0x000000003ffeffff]
[    0.000000] NODE_DATA(0) allocated [mem 0x3ffeb000-0x3ffeffff]
[    0.000000] kvm-clock: Using msrs 4b564d01 and 4b564d00
[    0.000000] kvm-clock: cpu 0, msr 0:3ffe3001, primary cpu clock
[    0.000000] kvm-clock: using sched offset of 4212128790 cycles
[    0.000000] clocksource: kvm-clock: mask: 0xffffffffffffffff max_cycles: 0x1cd42e4dffb, max_idle_ns: 881590591483 ns
[    0.000000] Zone ranges:
[    0.000000]   DMA      [mem 0x0000000000001000-0x0000000000ffffff]
[    0.000000]   DMA32    [mem 0x0000000001000000-0x000000003ffeffff]
[    0.000000]   Normal   empty
[    0.000000]   Device   empty
[    0.000000] Movable zone start for each node
[    0.000000] Early memory node ranges
[    0.000000]   node   0: [mem 0x0000000000001000-0x000000000009efff]
[    0.000000]   node   0: [mem 0x0000000000100000-0x000000003ffeffff]
[    0.000000] Initmem setup node 0 [mem 0x0000000000001000-0x000000003ffeffff]
[    0.000000] ACPI: PM-Timer IO Port: 0x4008
[    0.000000] IOAPIC[0]: apic_id 2, version 32, address 0xfec00000, GSI 0-23
[    0.000000] ACPI: INT_SRC_OVR (bus 0 bus_irq 0 global_irq 2 dfl dfl)
[    0.000000] ACPI: INT_SRC_OVR (bus 0 bus_irq 9 global_irq 9 low level)
[    0.000000] Using ACPI (MADT) for SMP configuration information
[    0.000000] smpboot: Allowing 2 CPUs, 0 hotplug CPUs
[    0.000000] PM: Registered nosave memory: [mem 0x00000000-0x00000fff]
[    0.000000] PM: Registered nosave memory: [mem 0x0009f000-0x0009ffff]
[    0.000000] PM: Registered nosave memory: [mem 0x000a0000-0x000effff]
[    0.000000] PM: Registered nosave memory: [mem 0x000f0000-0x000fffff]
[    0.000000] e820: [mem 0x40000000-0xfebfffff] available for PCI devices
[    0.000000] Booting paravirtualized kernel on KVM
[    0.000000] clocksource: refined-jiffies: mask: 0xffffffff max_cycles: 0xffffffff, max_idle_ns: 7645519600211568 ns
[    0.000000] setup_percpu: NR_CPUS:512 nr_cpumask_bits:512 nr_cpu_ids:2 nr_node_ids:1
[    0.000000] PERCPU: Embedded 33 pages/cpu @ffff88003fc00000 s95192 r8192 d31784 u1048576
[    0.000000] Built 1 zonelists in Node order, mobility grouping on.  Total pages: 257912
[    0.000000] Policy zone: DMA32
[    0.000000] Kernel command line: BOOT_IMAGE=/boot/vmlinuz-4.4.0-210-generic root=LABEL=cloudimg-rootfs ro console=tty1 console=ttyS0
[    0.000000] PID hash table entries: 4096 (order: 3, 32768 bytes)
[    0.000000] Memory: 997792K/1048120K available (8644K kernel code, 1332K rwdata, 4044K rodata, 1492K init, 1164K bss, 50328K reserved, 0K cma-reserved)
[    0.000000] SLUB: HWalign=64, Order=0-3, MinObjects=0, CPUs=2, Nodes=1
[    0.000000] Kernel/User page tables isolation: enabled
[    0.000000] Hierarchical RCU implementation.
[    0.000000] 	Build-time adjustment of leaf fanout to 64.
[    0.000000] 	RCU restricting CPUs from NR_CPUS=512 to nr_cpu_ids=2.
[    0.000000] RCU: Adjusting geometry for rcu_fanout_leaf=64, nr_cpu_ids=2
[    0.000000] NR_IRQS:33024 nr_irqs:440 16
[    0.000000] Console: colour VGA+ 80x25
[    0.000000] console [tty1] enabled
[    0.000000] console [ttyS0] enabled
[    0.000000] tsc: Detected 2808.002 MHz processor
[    0.200358] Calibrating delay loop (skipped) preset value.. 5616.00 BogoMIPS (lpj=11232008)
[    0.202655] pid_max: default: 32768 minimum: 301
[    0.203938] ACPI: Core revision 20150930
[    0.207302] ACPI: 2 ACPI AML tables successfully acquired and loaded
[    0.209084] Security Framework initialized
[    0.210214] Yama: becoming mindful.
[    0.211281] AppArmor: AppArmor initialized
[    0.212601] Dentry cache hash table entries: 131072 (order: 8, 1048576 bytes)
[    0.217743] Inode-cache hash table entries: 65536 (order: 7, 524288 bytes)
[    0.219430] Mount-cache hash table entries: 2048 (order: 2, 16384 bytes)
[    0.221186] Mountpoint-cache hash table entries: 2048 (order: 2, 16384 bytes)
[    0.223083] Initializing cgroup subsys io
[    0.224358] Initializing cgroup subsys memory
[    0.225559] Initializing cgroup subsys devices
[    0.226922] Initializing cgroup subsys freezer
[    0.228247] Initializing cgroup subsys net_cls
[    0.229444] Initializing cgroup subsys perf_event
[    0.230681] Initializing cgroup subsys net_prio
[    0.232065] Initializing cgroup subsys hugetlb
[    0.233182] Initializing cgroup subsys pids
[    0.235584] mce: CPU supports 0 MCE banks
[    0.237437] Last level iTLB entries: 4KB 64, 2MB 8, 4MB 8
[    0.238811] Last level dTLB entries: 4KB 64, 2MB 0, 4MB 0, 1GB 4
[    0.240484] Spectre V1 : Mitigation: usercopy/swapgs barriers and __user pointer sanitization
[    0.242771] Spectre V2 : Mitigation: Full generic retpoline
[    0.244196] Spectre V2 : Spectre v2 / SpectreRSB mitigation: Filling RSB on context switch
[    0.246517] Speculative Store Bypass: Vulnerable
[    0.248479] SRBDS: Unknown: Dependent on hypervisor status
[    0.250243] MDS: Mitigation: Clear CPU buffers
[    0.254636] Freeing SMP alternatives memory: 36K
[    0.263920] ftrace: allocating 32380 entries in 127 pages
[    0.337808] smpboot: APIC(0) Converting physical 0 to logical package 0
[    0.339648] smpboot: Max logical packages: 1
[    0.341257] x2apic enabled
[    0.342539] Switched APIC routing to physical x2apic.
[    0.345706] ..TIMER: vector=0x30 apic1=0 pin1=2 apic2=-1 pin2=-1
[    0.455921] smpboot: CPU0: Intel(R) Core(TM) i7-7700HQ CPU @ 2.80GHz (family: 0x6, model: 0x9e, stepping: 0x9)
[    0.458945] Performance Events: unsupported p6 CPU model 158 no PMU driver, software events only.
[    0.473459] KVM setup paravirtual spinlock
[    0.475236] x86: Booting SMP configuration:
[    0.476693] .... node  #0, CPUs:      #1
[    0.477958] kvm-clock: cpu 1, msr 0:3ffe3041, secondary cpu clock
[    0.480404] mce: CPU supports 0 MCE banks
[    0.483171] x86: Booted up 1 node, 2 CPUs
[    0.484993] smpboot: Total of 2 processors activated (11232.00 BogoMIPS)
[    0.487488] devtmpfs: initialized
[    0.490257] evm: security.selinux
[    0.491268] evm: security.SMACK64
[    0.492334] evm: security.SMACK64EXEC
[    0.493381] evm: security.SMACK64TRANSMUTE
[    0.494507] evm: security.SMACK64MMAP
[    0.495541] evm: security.ima
[    0.496637] evm: security.capability
[    0.497980] clocksource: jiffies: mask: 0xffffffff max_cycles: 0xffffffff, max_idle_ns: 7645041785100000 ns
[    0.501040] futex hash table entries: 512 (order: 3, 32768 bytes)
[    0.502768] pinctrl core: initialized pinctrl subsystem
[    0.504289] RTC time: 19:42:49, date: 12/25/22
[    0.505748] NET: Registered protocol family 16
[    0.517489] cpuidle: using governor ladder
[    0.529249] cpuidle: using governor menu
[    0.530405] PCCT header not found.
[    0.531470] ACPI: bus type PCI registered
[    0.532672] acpiphp: ACPI Hot Plug PCI Controller Driver version: 0.5
[    0.534440] PCI: Using configuration type 1 for base access
[    0.550635] ACPI: Added _OSI(Module Device)
[    0.551957] ACPI: Added _OSI(Processor Device)
[    0.553185] ACPI: Added _OSI(3.0 _SCP Extensions)
[    0.554489] ACPI: Added _OSI(Processor Aggregator Device)
[    0.556929] ACPI: Executed 1 blocks of module-level executable AML code
[    0.561641] ACPI: Interpreter enabled
[    0.562626] ACPI: (supports S0 S5)
[    0.563714] ACPI: Using IOAPIC for interrupt routing
[    0.565259] PCI: Using host bridge windows from ACPI; if necessary, use "pci=nocrs" and report a bug
[    0.571693] ACPI: PCI Root Bridge [PCI0] (domain 0000 [bus 00-ff])
[    0.573476] acpi PNP0A03:00: _OSC: OS supports [ASPM ClockPM Segments MSI]
[    0.575527] acpi PNP0A03:00: _OSC: not requesting OS control; OS requires [ExtendedConfig ASPM ClockPM MSI]
[    0.578535] acpi PNP0A03:00: fail to add MMCONFIG information, can't access extended PCI configuration space under this bridge.
[    0.581978] PCI host bridge to bus 0000:00
[    0.583691] pci_bus 0000:00: root bus resource [io  0x0000-0x0cf7 window]
[    0.585806] pci_bus 0000:00: root bus resource [io  0x0d00-0xffff window]
[    0.587834] pci_bus 0000:00: root bus resource [mem 0x000a0000-0x000bffff window]
[    0.590043] pci_bus 0000:00: root bus resource [mem 0x40000000-0xfdffffff window]
[    0.592240] pci_bus 0000:00: root bus resource [bus 00-ff]
[    0.595772] pci 0000:00:01.1: legacy IDE quirk: reg 0x10: [io  0x01f0-0x01f7]
[    0.597848] pci 0000:00:01.1: legacy IDE quirk: reg 0x14: [io  0x03f6]
[    0.599545] pci 0000:00:01.1: legacy IDE quirk: reg 0x18: [io  0x0170-0x0177]
[    0.614912] pci 0000:00:01.1: legacy IDE quirk: reg 0x1c: [io  0x0376]
[    0.631865] pci 0000:00:07.0: quirk: [io  0x4000-0x403f] claimed by PIIX4 ACPI
[    0.633914] pci 0000:00:07.0: quirk: [io  0x4100-0x410f] claimed by PIIX4 SMB
[    0.645968] ACPI: PCI Interrupt Link [LNKA] (IRQs 5 9 10 *11)
[    0.648460] ACPI: PCI Interrupt Link [LNKB] (IRQs 5 9 *10 11)
[    0.650576] ACPI: PCI Interrupt Link [LNKC] (IRQs 5 *9 10 11)
[    0.652740] ACPI: PCI Interrupt Link [LNKD] (IRQs 5 9 10 *11)
[    0.655190] ACPI: Enabled 2 GPEs in block 00 to 07
[    0.657311] vgaarb: setting as boot device: PCI:0000:00:02.0
[    0.658918] vgaarb: device added: PCI:0000:00:02.0,decodes=io+mem,owns=io+mem,locks=none
[    0.661311] vgaarb: loaded
[    0.662604] vgaarb: bridge control possible 0000:00:02.0
[    0.664376] SCSI subsystem initialized
[    0.665726] ACPI: bus type USB registered
[    0.667029] usbcore: registered new interface driver usbfs
[    0.668480] usbcore: registered new interface driver hub
[    0.669954] usbcore: registered new device driver usb
[    0.674720] PCI: Using ACPI for IRQ routing
[    0.676474] NetLabel: Initializing
[    0.677642] NetLabel:  domain hash size = 128
[    0.678885] NetLabel:  protocols = UNLABELED CIPSOv4
[    0.680446] NetLabel:  unlabeled traffic allowed by default
[    0.682321] amd_nb: Cannot enumerate AMD northbridges
[    0.684953] clocksource: Switched to clocksource kvm-clock
[    0.699155] AppArmor: AppArmor Filesystem Enabled
[    0.700486] pnp: PnP ACPI init
[    0.702472] pnp: PnP ACPI: found 3 devices
[    0.714839] clocksource: acpi_pm: mask: 0xffffff max_cycles: 0xffffff, max_idle_ns: 2085701024 ns
[    0.717686] NET: Registered protocol family 2
[    0.719073] TCP established hash table entries: 8192 (order: 4, 65536 bytes)
[    0.721144] TCP bind hash table entries: 8192 (order: 5, 131072 bytes)
[    0.722812] TCP: Hash tables configured (established 8192 bind 8192)
[    0.724798] UDP hash table entries: 512 (order: 2, 16384 bytes)
[    0.727116] UDP-Lite hash table entries: 512 (order: 2, 16384 bytes)
[    0.729416] NET: Registered protocol family 1
[    0.731359] pci 0000:00:00.0: Limiting direct PCI/PCI transfers
[    0.733430] pci 0000:00:01.0: Activating ISA DMA hang workarounds
[    0.735325] Unpacking initramfs...
[    0.987371] Freeing initrd memory: 14888K
[    0.988876] clocksource: tsc: mask: 0xffffffffffffffff max_cycles: 0x2879c7f065b, max_idle_ns: 440795303690 ns
[    0.991744] platform rtc_cmos: registered platform RTC device (no PNP device found)
[    0.994064] Scanning for low memory corruption every 60 seconds
[    0.996098] audit: initializing netlink subsys (disabled)
[    0.998104] audit: type=2000 audit(1671997375.869:1): initialized
[    0.999975] Initialise system trusted keyring
[    1.001503] HugeTLB registered 2 MB page size, pre-allocated 0 pages
[    1.005477] zbud: loaded
[    1.006947] VFS: Disk quotas dquot_6.6.0
[    1.008247] VFS: Dquot-cache hash table entries: 512 (order 0, 4096 bytes)
[    1.010369] squashfs: version 4.0 (2009/01/31) Phillip Lougher
[    1.012242] fuse init (API version 7.23)
[    1.013680] Key type big_key registered
[    1.015305] Allocating IMA MOK and blacklist keyrings.
[    1.019005] Key type asymmetric registered
[    1.020235] Asymmetric key parser 'x509' registered
[    1.021733] Block layer SCSI generic (bsg) driver version 0.4 loaded (major 249)
[    1.024122] io scheduler noop registered
[    1.025256] io scheduler deadline registered (default)
[    1.026882] io scheduler cfq registered
[    1.028131] pci_hotplug: PCI Hot Plug PCI Core version: 0.5
[    1.029945] pciehp: PCI Express Hot Plug Controller Driver version: 0.4
[    1.031760] ACPI: AC Adapter [AC] (on-line)
[    1.032960] input: Power Button as /devices/LNXSYSTM:00/LNXPWRBN:00/input/input0
[    1.035141] ACPI: Power Button [PWRF]
[    1.036294] input: Sleep Button as /devices/LNXSYSTM:00/LNXSLPBN:00/input/input1
[    1.038841] ACPI: Sleep Button [SLPF]
[    1.040181] GHES: HEST is not enabled!
[    1.042041] ACPI: Battery Slot [BAT0] (battery present)
[    1.043548] Serial: 8250/16550 driver, 32 ports, IRQ sharing enabled
[    1.065996] 00:02: ttyS0 at I/O 0x3f8 (irq = 4, base_baud = 115200) is a 16550A
[    1.071672] Linux agpgart interface v0.103
[    1.074592] loop: module loaded
[    1.076190] scsi host0: ata_piix
[    1.077439] scsi host1: ata_piix
[    1.078661] ata1: PATA max UDMA/33 cmd 0x1f0 ctl 0x3f6 bmdma 0xd000 irq 14
[    1.080454] ata2: PATA max UDMA/33 cmd 0x170 ctl 0x376 bmdma 0xd008 irq 15
[    1.083059] libphy: Fixed MDIO Bus: probed
[    1.084339] tun: Universal TUN/TAP device driver, 1.6
[    1.085768] tun: (C) 1999-2004 Max Krasnyansky <maxk@qualcomm.com>
[    1.087865] PPP generic driver version 2.4.2
[    1.089285] ehci_hcd: USB 2.0 'Enhanced' Host Controller (EHCI) Driver
[    1.090960] ehci-pci: EHCI PCI platform driver
[    1.092345] ehci-platform: EHCI generic platform driver
[    1.093877] ohci_hcd: USB 1.1 'Open' Host Controller (OHCI) Driver
[    1.095598] ohci-pci: OHCI PCI platform driver
[    1.097110] ohci-platform: OHCI generic platform driver
[    1.098695] uhci_hcd: USB Universal Host Controller Interface driver
[    1.100443] i8042: PNP: PS/2 Controller [PNP0303:PS2K,PNP0f03:PS2M] at 0x60,0x64 irq 1,12
[    1.103540] serio: i8042 KBD port at 0x60,0x64 irq 1
[    1.104938] serio: i8042 AUX port at 0x60,0x64 irq 12
[    1.107154] mousedev: PS/2 mouse device common for all mice
[    1.109802] rtc_cmos rtc_cmos: rtc core: registered rtc_cmos as rtc0
[    1.111547] input: AT Translated Set 2 keyboard as /devices/platform/i8042/serio0/input/input2
[    1.113077] rtc_cmos rtc_cmos: alarms up to one day, 114 bytes nvram
[    1.113087] i2c /dev entries driver
[    1.113134] device-mapper: uevent: version 1.0.3
[    1.113181] device-mapper: ioctl: 4.34.0-ioctl (2015-10-28) initialised: dm-devel@redhat.com
[    1.113197] ledtrig-cpu: registered to indicate activity on CPUs
[    1.117275] NET: Registered protocol family 10
[    1.117381] NET: Registered protocol family 17
[    1.117391] Key type dns_resolver registered
[    1.117571] registered taskstats version 1
[    1.117581] Loading compiled-in X.509 certificates
[    1.118118] Loaded X.509 cert 'Build time autogenerated kernel key: cf00e047681d67edb2720680708b7d9498083038'
[    1.118134] zswap: loaded using pool lzo/zbud
[    1.119559] Key type trusted registered
[    1.122056] Key type encrypted registered
[    1.122061] AppArmor: AppArmor sha1 policy hashing enabled
[    1.122063] ima: No TPM chip found, activating TPM-bypass!
[    1.122067] ima: Allocated hash algorithm: sha1
[    1.122076] evm: HMAC attrs: 0x1
[    1.122367]   Magic number: 2:617:749
[    1.122378] tty ttyS0: hash matches
[    1.123572] rtc_cmos rtc_cmos: setting system clock to 2022-12-25 19:42:50 UTC (1671997370)
[    1.123635] BIOS EDD facility v0.16 2004-Jun-25, 0 devices found
[    1.123636] EDD information not available.
[    1.279868] Freeing unused kernel memory: 1492K
[    1.292976] Write protecting the kernel read-only data: 14336k
[    1.295774] Freeing unused kernel memory: 1584K
[    1.297717] Freeing unused kernel memory: 52K
Loading, please wait...
starting version 229
[    1.316683] random: systemd-udevd: uninitialized urandom read (16 bytes read, 3 bits of entropy available)
[    1.317430] random: udevadm: uninitialized urandom read (16 bytes read, 3 bits of entropy available)
[    1.317449] random: udevadm: uninitialized urandom read (16 bytes read, 3 bits of entropy available)
[    1.324373] random: systemd-udevd: uninitialized urandom read (16 bytes read, 3 bits of entropy available)
[    1.326381] random: udevadm: uninitialized urandom read (16 bytes read, 3 bits of entropy available)
[    1.326420] random: udevadm: uninitialized urandom read (16 bytes read, 3 bits of entropy available)
[    1.326581] random: udevadm: uninitialized urandom read (16 bytes read, 3 bits of entropy available)
[    1.326684] random: udevadm: uninitialized urandom read (16 bytes read, 3 bits of entropy available)
[    1.326753] random: udevadm: uninitialized urandom read (16 bytes read, 3 bits of entropy available)
[    1.326803] random: udevadm: uninitialized urandom read (16 bytes read, 3 bits of entropy available)
[    1.387221] Fusion MPT base driver 3.04.20
[    1.388481] Copyright (c) 1999-2008 LSI Corporation
[    1.394712] AVX2 version of gcm_enc/dec engaged.
[    1.396018] AES CTR mode by8 optimization enabled
[    1.398735] e1000: Intel(R) PRO/1000 Network Driver - version 7.3.21-k8-NAPI
[    1.400968] e1000: Copyright (c) 1999-2006 Intel Corporation.
[    1.425514] Fusion MPT SPI Host driver 3.04.20
[    1.624046] input: ImExPS/2 Generic Explorer Mouse as /devices/platform/i8042/serio1/input/input4
[    1.814423] e1000 0000:00:03.0 eth0: (PCI:33MHz:32-bit) 02:be:82:6b:cc:1d
[    1.816249] e1000 0000:00:03.0 eth0: Intel(R) PRO/1000 Network Connection
[    1.819216] mptbase: ioc0: Initiating bringup
[    1.881209] ioc0: LSI53C1030 A0: Capabilities={Initiator}
[    2.055999] scsi host2: ioc0: LSI53C1030 A0, FwRev=00000000h, Ports=1, MaxQ=256, IRQ=20
[    2.177708] scsi 2:0:0:0: Direct-Access     VBOX     HARDDISK         1.0  PQ: 0 ANSI: 5
[    2.182130] scsi target2:0:0: Beginning Domain Validation
[    2.186798] scsi target2:0:0: Domain Validation skipping write tests
[    2.190112] scsi target2:0:0: Ending Domain Validation
[    2.191915] scsi target2:0:0: asynchronous
[    2.193968] scsi 2:0:1:0: Direct-Access     VBOX     HARDDISK         1.0  PQ: 0 ANSI: 5
[    2.197503] scsi target2:0:1: Beginning Domain Validation
[    2.200538] scsi target2:0:1: Domain Validation skipping write tests
[    2.202567] scsi target2:0:1: Ending Domain Validation
[    2.222267] scsi target2:0:1: asynchronous
[    2.241816] sd 2:0:0:0: Attached scsi generic sg0 type 0
[    2.243836] sd 2:0:1:0: Attached scsi generic sg1 type 0
[    2.245650] sd 2:0:1:0: [sdb] 20480 512-byte logical blocks: (10.5 MB/10.0 MiB)
[    2.247906] sd 2:0:0:0: [sda] 83886080 512-byte logical blocks: (42.9 GB/40.0 GiB)
[    2.250429] sd 2:0:1:0: [sdb] Write Protect is off
[    2.251868] sd 2:0:0:0: [sda] Write Protect is off
[    2.253603] sd 2:0:1:0: [sdb] Incomplete mode parameter data
[    2.255255] sd 2:0:1:0: [sdb] Assuming drive cache: write through
[    2.257592] sd 2:0:0:0: [sda] Incomplete mode parameter data
[    2.259177] sd 2:0:0:0: [sda] Assuming drive cache: write through
[    2.264047]  sda: sda1
[    2.266313] sd 2:0:0:0: [sda] Attached SCSI disk
[    2.267849] sd 2:0:1:0: [sdb] Attached SCSI disk
[    2.572886] e1000 0000:00:08.0 eth1: (PCI:33MHz:32-bit) 08:00:27:c4:8e:78
[    2.574630] e1000 0000:00:08.0 eth1: Intel(R) PRO/1000 Network Connection
[    2.577469] e1000 0000:00:08.0 enp0s8: renamed from eth1
[    2.593278] e1000 0000:00:03.0 enp0s3: renamed from eth0
Begin: Loading essential drivers ... [    4.246689] md: linear personality registered for level -1
[    4.250944] md: multipath personality registered for level -4
[    4.254487] md: raid0 personality registered for level 0
[    4.259416] md: raid1 personality registered for level 1
[    4.329097] raid6: sse2x1   gen() 10680 MB/s
[    4.397165] raid6: sse2x1   xor()  7410 MB/s
[    4.465068] raid6: sse2x2   gen() 11899 MB/s
[    4.533061] raid6: sse2x2   xor()  8038 MB/s
[    4.601078] raid6: sse2x4   gen() 14203 MB/s
[    4.669067] raid6: sse2x4   xor() 10181 MB/s
[    4.737296] raid6: avx2x1   gen() 21532 MB/s
[    4.805176] raid6: avx2x2   gen() 25520 MB/s
[    4.873058] raid6: avx2x4   gen() 26670 MB/s
[    4.874278] raid6: using algorithm avx2x4 gen() 26670 MB/s
[    4.875634] raid6: using avx2x2 recovery algorithm
[    4.878740] xor: automatically using best checksumming function:
[    4.917019]    avx       : 23717.000 MB/sec
[    4.919495] async_tx: api initialized (async)
[    4.930145] md: raid6 personality registered for level 6
[    4.931599] md: raid5 personality registered for level 5
[    4.932946] md: raid4 personality registered for level 4
[    4.940482] md: raid10 personality registered for level 10
done.
Begin: Running /scripts/init-premount ... done.
Begin: Mounting root file system ... Begin: Running /scripts/local-top ... done.
Begin: Running /scripts/local-premount ... [    4.977043] Btrfs loaded
Scanning for Btrfs filesystems
done.
Warning: fsck not present, so skipping root file system
[    5.135347] EXT4-fs (sda1): mounted filesystem with ordered data mode. Opts: (null)
done.
Begin: Running /scripts/local-bottom ... done.
Begin: Running /scripts/init-bottom ... done.
[    5.591560] systemd[1]: systemd 229 running in system mode. (+PAM +AUDIT +SELINUX +IMA +APPARMOR +SMACK +SYSVINIT +UTMP +LIBCRYPTSETUP +GCRYPT +GNUTLS +ACL +XZ -LZ4 +SECCOMP +BLKID +ELFUTILS +KMOD -IDN)
[    5.597012] systemd[1]: Detected virtualization oracle.
[    5.598507] systemd[1]: Detected architecture x86-64.

Welcome to [1mUbuntu 16.04.7 LTS[0m!

[    5.625455] systemd[1]: Set hostname to <ubuntu>.
[    5.646525] systemd[1]: Initializing machine ID from random generator.
[    5.648518] systemd[1]: Installed transient /etc/machine-id file.
[    5.884397] random: nonblocking pool is initialized
[    6.163863] systemd[1]: Listening on Journal Socket.
[[0;32m  OK  [0m] Listening on Journal Socket.
[    6.166146] systemd[1]: Started Trigger resolvconf update for networkd DNS.
[[0;32m  OK  [0m] Started Trigger resolvconf update for networkd DNS.
[    6.169421] systemd[1]: Listening on udev Kernel Socket.
[[0;32m  OK  [0m] Listening on udev Kernel Socket.
[    6.172698] systemd[1]: Started Forward Password Requests to Wall Directory Watch.
[[0;32m  OK  [0m] Started Forward Password Requests to Wall Directory Watch.
[    6.176595] systemd[1]: Reached target Encrypted Volumes.
[[0;32m  OK  [0m] Reached target Encrypted Volumes.
[    6.186078] systemd[1]: Listening on LVM2 poll daemon socket.
[[0;32m  OK  [0m] Listening on LVM2 poll daemon socket.
[    6.189819] systemd[1]: Created slice System Slice.
[[0;32m  OK  [0m] Created slice System Slice.
[    6.201541] systemd[1]: Mounting Huge Pages File System...
         Mounting Huge Pages File System...
[    6.204916] systemd[1]: Created slice system-serial\x2dgetty.slice.
[[0;32m  OK  [0m] Created slice system-serial\x2dgetty.slice.
[    6.214078] systemd[1]: Starting Set console keymap...
         Starting Set console keymap...
[    6.218071] systemd[1]: Starting Uncomplicated firewall...
         Starting Uncomplicated firewall...
[    6.226302] systemd[1]: Starting Nameserver information manager...
         Starting Nameserver information manager...
[    6.230264] systemd[1]: Starting Create list of required static device nodes for the current kernel...
         Starting Create list of required st... nodes for the current kernel...
[    6.239465] systemd[1]: Reached target User and Group Name Lookups.
[[0;32m  OK  [0m] Reached target User and Group Name Lookups.
[    6.253291] systemd[1]: Starting Load Kernel Modules...
         Starting Load Kernel Modules...
[    6.257189] systemd[1]: Listening on Journal Socket (/dev/log).
[[0;32m  OK  [0m] Listening on Journal Socket (/dev/log).
[    6.265278] systemd[1]: Listening on Journal Audit Socket.
[[0;32m  OK  [0m] Listening on Journal Audit Socket.
[    6.268114] systemd[1]: Listening on /dev/initctl Compatibility Named Pipe.
[[0;32m  OK  [0m] Listening on /dev/initctl Compatibility Named Pipe.
[    6.272129] systemd[1]: Listening on Syslog Socket.
[[0;32m  OK  [0m] Listening on Syslog Socket.
[    6.282410] systemd[1]: Starting Journal Service...
         Starting Journal Service...
[    6.286642] systemd[1]: Mounting Debug File System...
         Mounting Debug File System...
[    6.291091] systemd[1]: Reached target System Time Synchronized.
[[0;32m  OK  [0m] Reached target System Time Synchronized.
[    6.295639] Loading iSCSI transport class v2.0-870.
[    6.297142] systemd[1]: Listening on LVM2 metadata daemon socket.
[[0;32m  OK  [0m] Listening on LVM2 metadata daemon socket.
[    6.301334] systemd[1]: Listening on fsck to fsckd communication Socket.
[[0;32m  OK  [0m] Listening on fsck to fsckd communication Socket.
[    6.305363] systemd[1]: Reached target Swap.
[[0;32m  OK  [0m] Reached target Swap.
[    6.308849] systemd[1]: Set up automount Arbitrary Executable File Formats File System Automount Point.
[[0;32m  OK  [0m] Set up automount Arbitrary Executab...ats File System Automount Point.
[    6.330496] iscsi: registered transport (tcp)
[    6.341175] systemd[1]: Starting File System Check on Root Device...
         Starting File System Check on Root Device...
[    6.349252] systemd[1]: Listening on udev Control Socket.
[[0;32m  OK  [0m] Listening on udev Control Socket.
[    6.351987] systemd[1]: Created slice User and Session Slice.
[[0;32m  OK  [0m] Created slice User and Session Slice.
[    6.356796] systemd[1]: Reached target Slices.
[[0;32m  OK  [0m] Reached target Slices.
[    6.360428] systemd[1]: Mounting POSIX Message Queue File System...
         Mounting POSIX Message Queue File System...
[    6.363449] systemd[1]: Listening on Device-mapper event daemon FIFOs.
[[0;32m  OK  [0m] Listening on Device-mapper event daemon FIFOs.
[    6.368592] systemd[1]: Starting Monitoring of LVM2 mirrors, snapshots etc. using dmeventd or progress polling...
         Starting Monitoring of LVM2 mirrors... dmeventd or progress polling...
[    6.383745] systemd[1]: Mounted Huge Pages File System.
[[0;32m  OK  [0m] Mounted Huge Pages File System.
[    6.386987] systemd[1]: Mounted POSIX Message Queue File System.
[[0;32m  OK  [0m] Mounted POSIX Message Queue File System.
[    6.393132] systemd[1]: Mounted Debug File System.
[[0;32m  OK  [0m] Mounted Debug File System.
[    6.395686] systemd[1]: Started Journal Service.
[[0;32m  OK  [0m] Started Journal Service.
[[0;32m  OK  [0m] Started Set console keymap.
[[0;32m  OK  [0m] Started Uncomplicated firewall.
[[0;32m  OK  [0m] Started Create list of required sta...ce nodes for the current kernel.
[[0;32m  OK  [0m] Started File System Check Daemon to report status.
         Starting Create Static Device Nodes in /dev...
[[0;32m  OK  [0m] Started Nameserver information manager.
[[0;32m  OK  [0m] Started File System Check on Root Device.
         Starting Remount Root and Kernel File Systems...
[    6.451078] iscsi: registered transport (iser)
[[0;32m  OK  [0m] Started Load Kernel Modules.
[    6.458254] EXT4-fs (sda1): re-mounted. Opts: (null)
         Starting Apply Kernel Variables...
         Mounting FUSE Control File System...
[[0;32m  OK  [0m] Started Remount Root and Kernel File Systems.
[[0;32m  OK  [0m] Mounted FUSE Control File System.
         Starting udev Coldplug all Devices...
         Starting Load/Save Random Seed...
         Starting Flush Journal to Persistent Storage...
[[0;32m  OK  [0m] Started LVM2 metadata daemon.
[[0;32m  OK  [0m] Started Load/Save Random Seed.
[[0;32m  OK  [0m] Started Apply Kernel Variables.
[[0;32m  OK  [0m] Started Flush Journal to Persistent Storage.
[[0;32m  OK  [0m] Started udev Coldplug all Devices.
[[0;32m  OK  [0m] Started Create Static Device Nodes in /dev.
         Starting udev Kernel Device Manager...
[[0;32m  OK  [0m] Started udev Kernel Device Manager.
[[0;32m  OK  [0m] Started Dispatch Password Requests to Console Directory Watch.
[[0;32m  OK  [0m] Started Monitoring of LVM2 mirrors,...ng dmeventd or progress polling.
[[0;32m  OK  [0m] Reached target Local File Systems (Pre).
[[0;32m  OK  [0m] Reached target Local File Systems.
         Starting Initial cloud-init job (pre-networking)...
         Starting LSB: AppArmor initialization...
         Starting Set console font and keymap...
         Starting Tell Plymouth To Write Out Runtime Data...
         Starting Commit a transient machine-id on disk...
         Starting Create Volatile Files and Directories...
[[0;32m  OK  [0m] Found device /dev/ttyS0.
[[0;32m  OK  [0m] Started Commit a transient machine-id on disk.
[[0;32m  OK  [0m] Listening on Load/Save RF Kill Switch Status /dev/rfkill Watch.
[[0;32m  OK  [0m] Started Create Volatile Files and Directories.
         Starting Update UTMP about System Boot/Shutdown...
[[0;32m  OK  [0m] Started Tell Plymouth To Write Out Runtime Data.
[[0;32m  OK  [0m] Started Update UTMP about System Boot/Shutdown.
[[0;32m  OK  [0m] Started Set console font and keymap.
[[0;32m  OK  [0m] Created slice system-getty.slice.
[[0;32m  OK  [0m] Started LSB: AppArmor initialization.
         Starting Load AppArmor profiles managed internally by snapd...
[[0;32m  OK  [0m] Started Load AppArmor profiles managed internally by snapd.
[   10.030766] cloud-init[482]: Cloud-init v. 21.1-19-gbad84ad4-0ubuntu1~16.04.2 running 'init-local' at Sun, 25 Dec 2022 19:42:59 +0000. Up 9.51 seconds.
[[0;32m  OK  [0m] Started Initial cloud-init job (pre-networking).
[[0;32m  OK  [0m] Reached target Network (Pre).
         Starting Raise network interfaces...
[[0;32m  OK  [0m] Started Raise network interfaces.
         Starting Initial cloud-init job (metadata service crawler)...
[[0;32m  OK  [0m] Reached target Network.
[   12.677525] cloud-init[962]: Cloud-init v. 21.1-19-gbad84ad4-0ubuntu1~16.04.2 running 'init' at Sun, 25 Dec 2022 19:43:00 +0000. Up 10.84 seconds.
[   12.680007] cloud-init[962]: ci-info: ++++++++++++++++++++++++++++++++++++++Net device info+++++++++++++++++++++++++++++++++++++++
[   12.682450] cloud-init[962]: ci-info: +--------+-------+----------------------------+---------------+--------+-------------------+
[   12.685062] cloud-init[962]: ci-info: | Device |   Up  |          Address           |      Mask     | Scope  |     Hw-Address    |
[   12.687805] cloud-init[962]: ci-info: +--------+-------+----------------------------+---------------+--------+-------------------+
[   12.689983] cloud-init[962]: ci-info: | enp0s3 |  True |         10.0.2.15          | 255.255.255.0 | global | 02:be:82:6b:cc:1d |
[   12.692598] cloud-init[962]: ci-info: | enp0s3 |  True | fe80::be:82ff:fe6b:cc1d/64 |       .       |  link  | 02:be:82:6b:cc:1d |
[   12.695615] cloud-init[962]: ci-info: | enp0s8 | False |             .              |       .       |   .    | 08:00:27:c4:8e:78 |
[   12.697512] cloud-init[962]: ci-info: |   lo   |  True |         127.0.0.1          |   255.0.0.0   |  host  |         .         |
[   12.700257] cloud-init[962]: ci-info: |   lo   |  True |          ::1/128           |       .       |  host  |         .         |
[   12.702639] cloud-init[962]: ci-info: +--------+-------+----------------------------+---------------+--------+-------------------+
[   12.705065] cloud-init[962]: ci-info: +++++++++++++++++++++++++++Route IPv4 info++++++++++++++++++++++++++++
[   12.706736] cloud-init[962]: ci-info: +-------+-------------+----------+---------------+-----------+-------+
[   12.708531] cloud-init[962]: ci-info: | Route | Destination | Gateway  |    Genmask    | Interface | Flags |
[   12.710281] cloud-init[962]: ci-info: +-------+-------------+----------+---------------+-----------+-------+
[   12.712238] cloud-init[962]: ci-info: |   0   |   0.0.0.0   | 10.0.2.2 |    0.0.0.0    |   enp0s3  |   UG  |
[   12.714316] cloud-init[962]: ci-info: |   1   |   10.0.2.0  | 0.0.0.0  | 255.255.255.0 |   enp0s3  |   U   |
[   12.716611] cloud-init[962]: ci-info: +-------+-------------+----------+---------------+-----------+-------+
[   12.718423] cloud-init[962]: ci-info: +++++++++++++++++++Route IPv6 info+++++++++++++++++++
[   12.720210] cloud-init[962]: ci-info: +-------+-------------+---------+-----------+-------+
[   12.721914] cloud-init[962]: ci-info: | Route | Destination | Gateway | Interface | Flags |
[   12.723848] cloud-init[962]: ci-info: +-------+-------------+---------+-----------+-------+
[   12.725412] cloud-init[962]: ci-info: |   0   |  fe80::/64  |    ::   |   enp0s3  |   U   |
[   12.727376] cloud-init[962]: ci-info: |   3   |   ff00::/8  |    ::   |   enp0s3  |   U   |
[   12.730444] cloud-init[962]: ci-info: +-------+-------------+---------+-----------+-------+
[   12.732711] cloud-init[962]: Generating public/private rsa key pair.
[   12.734743] cloud-init[962]: Your identification has been saved in /etc/ssh/ssh_host_rsa_key.
[   12.735953] cloud-init[962]: Your public key has been saved in /etc/ssh/ssh_host_rsa_key.pub.
[   12.737686] cloud-init[962]: The key fingerprint is:
[   12.738982] cloud-init[962]: SHA256:+2TA3aq30vxtqAv/Hy8aQa9HvV5rhzCp85h3tMzoCwU root@ubuntu-xenial
[   12.740764] cloud-init[962]: The key's randomart image is:
[   12.742230] cloud-init[962]: +---[RSA 2048]----+
[   12.743468] cloud-init[962]: |                 |
[   12.745008] cloud-init[962]: |                 |
[   12.746578] cloud-init[962]: |          E .    |
[   12.747897] cloud-init[962]: |       . . + . . |
[   12.750620] cloud-init[962]: |        S . +.o .|
[   12.757226] [cloud-init[0;32m  OK  [0m[962]: ] Started Initial cloud-init job (metadata service crawler).
[[0;32m  OK  [0m] Reached target Network is Online.
|         o o++. .|
[   12.760336] cloud-init[962]: |        oo=.oOo+.|
[   12.762341] cloud-init[962]: |        .B*+++X++|
[   12.764194] cloud-init[962]: |        .oO@B*++o|
[   12.765357] cloud-init[962]: +----[SHA256]-----+
[   12.766734] cloud-init[962]: Generating public/private dsa key pair.
[   12.768027] cloud-init[962]: Your identification has been saved in /etc/ssh/ssh_host_dsa_key.
[   12.769612] cloud-init[962]: Your public key has been saved in /etc/ssh/ssh_host_dsa_key.pub.
[   12.771583] cloud-init[962]: The key fingerprint is:
[   12.772816] cloud-init[962]: SHA256:cQJeMfDaoFW1cvi7qUjtGVnYpE6C1wKvtSy8dNurIzo root@ubuntu-xenial
[   12.774665] cloud-init[962]: The key's randomart image is:
         Starting iSCSI initiator daemon (iscsid)...
[[0;32m  OK  [0m] Reached target Cloud-config availability.
[[0;32m  OK  [0m] Reached target System Initialization.
[[0;32m  OK  [0m] Started Daily apt download activities.
[[0;32m  OK  [0m] Started Daily Cleanup of Temporary Directories.
[   12.776173] cloud-init[962]: +---[DSA 1024]----+
[   12.781308] cloud-init[962]: |      o.=o.      |
[   12.782989] cloud-init[962]: |     . = o .     |
[   12.784187] cloud-init[962]: |    . + * =      |
[   12.785322] cloud-init[962]: |     * = %       |
[   12.786441] cloud-init[962]: |    o B S +      |
[   12.787500] cloud-init[962]: |   . = B o .     |
[   12.792213] cloud-init[962]: |    = = = .      |
[[0;32m  OK  [0m] Started ACPI Events Check.
[[0;32m  OK  [0m] Reached target Paths.
[[0;32m  OK  [0m] Started Daily apt upgrade and clean activities.
[[0;32m  OK  [0m] Started Ubuntu Advantage update messaging.
[   12.811479] cloud-init[962]: |  E..=.= o o     |
[   12.823118] cloud-init[962]: |  .o..+o*oo      |
[   12.824322] cloud-init[962]: +----[SHA256]-----+
[   12.825529] cloud-init[962]: Generating public/private ecdsa key pair.
[   12.826648] cloud-init[962]: Your identification has been saved in /etc/ssh/ssh_host_ecdsa_key.
[   12.828227] cloud-init[962]: Your public key has been saved in /etc/ssh/ssh_host_ecdsa_key.pub.
[   12.830011] cloud-init[962]: The key fingerprint is:
[   12.831019] cloud-init[962]: SHA256:tn9FUr1Qj5RRohtS5i6PkKfgneiZpf68LeCsz9MKYIM root@ubuntu-xenial
[   12.833096] cloud-init[962]: The key's randomart image is:
[   12.834338] cloud-init[962]: +---[ECDSA 256]---+
[   12.835449] cloud-init[962]: |            o =*.|
         Starting LXD - unix socket.
[[0;32m  OK  [0m] Listening on D-Bus System Message Bus Socket.
         Starting Socket activation for snappy daemon.
[[0;32m  OK  [0m] Listening on UUID daemon activation socket.
[[0;32m  OK  [0m] Listening on ACPID Listen Socket.
[[0;32m  OK  [0m] Started Message of the Day.
[[0;32m  OK  [0m] Reached target Timers.
[   12.839571] cloud-init[962]: |           + +ooo|
[   12.858559] cloud-init[962]: |          . +.o o|
[   12.860419] cloud-init[962]: | .       . o.o.. |
[   12.869251] cloud-init[962]: |E +   . S o oo   |
[   12.872240] [[0;32m  OK  [0m] Listening on LXD - unix socket.
[[0;32m  OK  [0m] Listening on Socket activation for snappy daemon.
[[0;32m  OK  [0m] Reached target Sockets.
[[0;32m  OK  [0m] Reached target Basic System.
         Starting Accounts Service...
cloud-init[962]: | . o ..= * +  .  |
[   12.880793] [[0;32m  OK  [0m] Started Regular background program processing daemon.
cloud-init[962]: |    .ooo* . ..   |
[   12.885861] cloud-init[962]: |     ++*oo  .    |         Starting LSB: Record successful boot for GRUB...
         Starting LXD - container startup/shutdown...

[   12.891446] cloud-init[962]: |    .+X++oo.     |
[   12.893300] cloud-init[962]: +----[SHA256]-----+
[   12.894750] cloud-init[962]: Generating public/private ed25519 key pair.
[   12.896489] cloud-init[962]: Your identification has been saved in /etc/ssh/ssh_host_ed25519_key.
[   12.898674] cloud-init[962]: Your public key has been saved in /etc/ssh/ssh_host_ed25519_key.pub.
[   12.901359] cloud-init[962]: The key fingerprint is:
[   12.903273] cloud-init[962]: SHA256:oGpCJfQZsj2nZQsVoZRJIKtCur6kj1qNf0qp65Khu/0 root@ubuntu-xenial
[   12.905743] cloud-init[962]: The key's randomart image is:
[   12.907087] cloud-init[962]: +--[ED25519 256]--+
[   12.908251] cloud-init[962]: |.+o+o+o          |
[   12.909527] cloud-init[962]: |o.*o=            |
[   12.910783] cloud-init[962]: |.+ O +.          |
[   12.912142] cloud-init[962]: |+ o B...         |
[   12.913580] cloud-init[962]: |+. ...  S        |
[   12.914959] cloud-init[962]: |+. + .           |[[0;32m  OK  [0m] Started D-Bus System Message Bus.

[   12.918414] cloud-init[962]: |++= +            |
[   12.920191] cloud-init[962]: |B* +  .          |
[   12.921993] cloud-init[962]: |BOBoEo           |
[   12.928885] cloud-init[962]: +----[SHA256]-----+
         Starting /etc/rc.local Compatibility...
[[0;32m  OK  [0m] Started FUSE filesystem for LXC.
[[0;32m  OK  [0m] Started ACPI event daemon.
         Starting Pollinate to seed the pseudo random number generator...
         Starting Virtualbox guest utils...
[[0;32m  OK  [0m] Started Deferred execution scheduler.
         Starting System Logging Service...
         Starting LSB: MD monitoring daemon...
         Starting Login Service...
         Starting Snap Daemon...
[[0;32m  OK  [0m] Started iSCSI initiator daemon (iscsid).
[[0;32m  OK  [0m] Started /etc/rc.local Compatibility.
         Starting Login to default iSCSI targets...
         Starting Authenticate and Authorize Users to Run Privileged Tasks...
[[0;32m  OK  [0m] Started Login to default iSCSI targets.
[[0;32m  OK  [0m] Reached target Remote File Systems (Pre).
[[0;32m  OK  [0m] Reached target Remote File Systems.
         Starting LSB: Set the CPU Frequency Scaling governor to "ondemand"...
         Starting LSB: automatic crash report generation...
         Starting LSB: daemon to balance interrupts for SMP systems...
         Starting Permit User Sessions...
[[0;32m  OK  [0m] Started LSB: Set the CPU Frequency Scaling governor to "ondemand".
[[0;32m  OK  [0m] Started Login Service.
[[0;32m  OK  [0m] Started Unattended Upgrades Shutdown.
[[0;32m  OK  [0m] Started Permit User Sessions.
         Starting Hold until boot process finishes up...
         Starting Terminate Plymouth Boot Screen...
[[0;32m  OK  [0m] Started LSB: Record successful boot for GRUB.
[[0;32m  OK  [0m] Started Hold until boot process finishes up.
         Starting Set console scheme...
[[0;32m  OK  [0m] Started Getty on tty1.
[[0;32m  OK  [0m] Started Serial Getty on ttyS0.
[[0;32m  OK  [0m] Reached target Login Prompts.
[[0;32m  OK  [0m] Started Terminate Plymouth Boot Screen.
[[0;32m  OK  [0m] Started Set console scheme.
[[0;32m  OK  [0m] Started LSB: MD monitoring daemon.
[[0;32m  OK  [0m] Started LSB: daemon to balance interrupts for SMP systems.
[[0;32m  OK  [0m] Started LSB: automatic crash report generation.
[[0;32m  OK  [0m] Started System Logging Service.
[[0;32m  OK  [0m] Started Authenticate and Authorize Users to Run Privileged Tasks.
[[0;32m  OK  [0m] Started Accounts Service.
[[0;32m  OK  [0m] Started Virtualbox guest utils.
[[0;32m  OK  [0m] Started LXD - container startup/shutdown.
[[0;32m  OK  [0m] Started Snap Daemon.
         Starting Wait until snapd is fully seeded...
[[0;32m  OK  [0m] Started Pollinate to seed the pseudo random number generator.
         Starting OpenBSD Secure Shell server...
[[0;32m  OK  [0m] Started OpenBSD Secure Shell server.
[[0;32m  OK  [0m] Created slice User Slice of vagrant.
         Starting User Manager for UID 1000...
[[0;32m  OK  [0m] Started Session 1 of user vagrant.
[[0;32m  OK  [0m] Started User Manager for UID 1000.
[[0;32m  OK  [0m] Started Wait until snapd is fully seeded.
         Starting Apply the settings specified in cloud-config...
[[0;32m  OK  [0m] Reached target Multi-User System.
[[0;32m  OK  [0m] Reached target Graphical Interface.
         Starting Update UTMP about System Runlevel Changes...
[[0;32m  OK  [0m] Started Update UTMP about System Runlevel Changes.
[   18.507730] cloud-init[1376]: Generating locales (this might take a while)...
[   19.943441] cloud-init[1376]:   en_US.UTF-8... done
[   19.943975] cloud-init[1376]: Generation complete.

Ubuntu 16.04.7 LTS ubuntu-xenial ttyS0

ubuntu-xenial login: [   20.835374] cloud-init[1376]: Cloud-init v. 21.1-19-gbad84ad4-0ubuntu1~16.04.2 running 'modules:config' at Sun, 25 Dec 2022 19:43:07 +0000. Up 18.18 seconds.
ci-info: no authorized SSH keys fingerprints found for user ubuntu.
<14>Dec 25 19:43:11 ec2: 
<14>Dec 25 19:43:11 ec2: #############################################################
<14>Dec 25 19:43:11 ec2: -----BEGIN SSH HOST KEY FINGERPRINTS-----
<14>Dec 25 19:43:11 ec2: 1024 SHA256:cQJeMfDaoFW1cvi7qUjtGVnYpE6C1wKvtSy8dNurIzo root@ubuntu-xenial (DSA)
<14>Dec 25 19:43:11 ec2: 256 SHA256:tn9FUr1Qj5RRohtS5i6PkKfgneiZpf68LeCsz9MKYIM root@ubuntu-xenial (ECDSA)
<14>Dec 25 19:43:11 ec2: 256 SHA256:oGpCJfQZsj2nZQsVoZRJIKtCur6kj1qNf0qp65Khu/0 root@ubuntu-xenial (ED25519)
<14>Dec 25 19:43:11 ec2: 2048 SHA256:+2TA3aq30vxtqAv/Hy8aQa9HvV5rhzCp85h3tMzoCwU root@ubuntu-xenial (RSA)
<14>Dec 25 19:43:11 ec2: -----END SSH HOST KEY FINGERPRINTS-----
<14>Dec 25 19:43:11 ec2: #############################################################
-----BEGIN SSH HOST KEY KEYS-----
ecdsa-sha2-nistp256 AAAAE2VjZHNhLXNoYTItbmlzdHAyNTYAAAAIbmlzdHAyNTYAAABBBBO2q9MW2FSgfaDzfXJRIq/FDqWPv408qHVLFgncClZBq/hcbw+7f8vNjYRkaBkURF97jatwjFZv23CWgLkAvf4= root@ubuntu-xenial
ssh-ed25519 AAAAC3NzaC1lZDI1NTE5AAAAIDQYqfGrVelQv5TDoIWw9s9itIXLDoLjwZQkjrgdqQv3 root@ubuntu-xenial
ssh-rsa AAAAB3NzaC1yc2EAAAADAQABAAABAQC1F0cCD7duCv2N5VN449/fjPgUjT5EC421pPlbtB9LywdBE+uz36mEMRAlpqeGzKJmywTrVvboX4aB4ICaolbaSaMFdUSb9hq44Qx5xi/4L+wwnu/TJuADL4QLTuJQayfXB2yGDl9Pwy4nZa/+4ajUxDWW7Xqp4hF4Wh4+S9/qxJ1rOBYa0+ll1xxyQlj3oyEAiA6B9zwhUvbayB41SAX2rVaJ9Z00OCYG5HzRfh/45MgsmqRXaDO9cTgqTD59LSCsXZoPdvowHAZyQof4Xo1Olpy6MshQlmHFwjwkNd2Rxeq8EeWG3w94oLa01FFlCYs5TUWY9qSHZBxbiwVpdnnP root@ubuntu-xenial
-----END SSH HOST KEY KEYS-----
[   21.664258] cloud-init[1577]: Cloud-init v. 21.1-19-gbad84ad4-0ubuntu1~16.04.2 running 'modules:final' at Sun, 25 Dec 2022 19:43:11 +0000. Up 21.40 seconds.
[   21.664894] cloud-init[1577]: ci-info: no authorized SSH keys fingerprints found for user ubuntu.
[   21.665706] cloud-init[1577]: Cloud-init v. 21.1-19-gbad84ad4-0ubuntu1~16.04.2 finished at Sun, 25 Dec 2022 19:43:11 +0000. Datasource DataSourceNoCloud [seed=/dev/sdb][dsmode=net].  Up 21.65 seconds
